#
# A fatal error has been detected by the Java Runtime Environment:
#
#  Internal Error (javaCalls.cpp:51), pid=31000, tid=0x0000000000004498
#  guarantee(thread->is_Java_thread()) failed: crucial check - the VM thread cannot and must not escape to Java code
#
# JRE version: Java(TM) SE Runtime Environment (8.0_221-b11) (build 1.8.0_221-b11)
# Java VM: Java HotSpot(TM) 64-Bit Server VM (25.221-b11 mixed mode windows-amd64 compressed oops)
# Failed to write core dump. Minidumps are not enabled by default on client versions of Windows
#
# If you would like to submit a bug report, please visit:
#   http://bugreport.java.com/bugreport/crash.jsp
#

---------------  T H R E A D  ---------------

Current thread (0x000000000258e800):  VMThread [stack: 0x000000001ddc0000,0x000000001dec0000] [id=17560]

Stack: [0x000000001ddc0000,0x000000001dec0000]
[error occurred during error reporting (printing stack bounds), id 0xc0000005]

Native frames: (J=compiled Java code, j=interpreted, Vv=VM code, C=native code)

VM_Operation (0x000000001ecff5a0): GetOrSetLocal, mode: safepoint, requested by thread 0x000000001df0f000


---------------  P R O C E S S  ---------------

Java Threads: ( => current thread )
  0x0000000025b34000 JavaThread "Java2D Disposer" daemon [_thread_blocked, id=32168, stack(0x0000000021820000,0x0000000021920000)]
  0x0000000025b34800 JavaThread "RMI TCP Connection(1586)-127.0.0.1" daemon [_thread_in_native, id=25012, stack(0x0000000027cc0000,0x0000000027dc0000)]
  0x0000000025b31800 JavaThread "DestroyJavaVM" [_thread_blocked, id=3308, stack(0x0000000002390000,0x0000000002490000)]
  0x0000000025b2e800 JavaThread "http-nio-8070-AsyncTimeout" daemon [_thread_blocked, id=34916, stack(0x0000000027ac0000,0x0000000027bc0000)]
  0x0000000025b30000 JavaThread "http-nio-8070-Acceptor-0" daemon [_thread_in_native, id=23912, stack(0x00000000279c0000,0x0000000027ac0000)]
  0x0000000025b15800 JavaThread "http-nio-8070-ClientPoller-1" daemon [_thread_in_native, id=33736, stack(0x00000000278c0000,0x00000000279c0000)]
  0x0000000025b18800 JavaThread "http-nio-8070-ClientPoller-0" daemon [_thread_in_native, id=40392, stack(0x00000000277c0000,0x00000000278c0000)]
  0x0000000025b16000 JavaThread "http-nio-8070-exec-10" daemon [_thread_blocked, id=32544, stack(0x00000000276c0000,0x00000000277c0000)]
  0x0000000025b17000 JavaThread "http-nio-8070-exec-9" daemon [_thread_blocked, id=29752, stack(0x00000000275c0000,0x00000000276c0000)]
  0x0000000025b14800 JavaThread "http-nio-8070-exec-8" daemon [_thread_blocked, id=26768, stack(0x00000000274c0000,0x00000000275c0000)]
  0x0000000025b14000 JavaThread "http-nio-8070-exec-7" daemon [_thread_blocked, id=38972, stack(0x00000000273c0000,0x00000000274c0000)]
  0x0000000025b17800 JavaThread "http-nio-8070-exec-6" daemon [_thread_blocked, id=40816, stack(0x00000000272c0000,0x00000000273c0000)]
  0x0000000025b19000 JavaThread "http-nio-8070-exec-5" daemon [_thread_blocked, id=36208, stack(0x00000000271c0000,0x00000000272c0000)]
  0x0000000025b1a800 JavaThread "http-nio-8070-exec-4" daemon [_thread_blocked, id=23180, stack(0x00000000270c0000,0x00000000271c0000)]
  0x0000000025b1a000 JavaThread "http-nio-8070-exec-3" daemon [_thread_blocked, id=29852, stack(0x0000000026fc0000,0x00000000270c0000)]
  0x00000000203a8800 JavaThread "http-nio-8070-exec-2" daemon [_thread_blocked, id=32912, stack(0x0000000026ec0000,0x0000000026fc0000)]
  0x00000000203ad000 JavaThread "http-nio-8070-exec-1" daemon [_thread_blocked, id=41208, stack(0x0000000026dc0000,0x0000000026ec0000)]
  0x00000000203ac800 JavaThread "NioBlockingSelector.BlockPoller-1" daemon [_thread_in_native, id=30064, stack(0x0000000023ef0000,0x0000000023ff0000)]
  0x00000000203ae800 JavaThread "Live Reload Server" daemon [_thread_in_native, id=38460, stack(0x0000000021c20000,0x0000000021d20000)]
  0x00000000203ab000 JavaThread "container-0" [_thread_blocked, id=5540, stack(0x00000000254f0000,0x00000000255f0000)]
  0x00000000203aa000 JavaThread "ContainerBackgroundProcessor[StandardEngine[Tomcat]]" daemon [_thread_blocked, id=37380, stack(0x00000000253f0000,0x00000000254f0000)]
  0x00000000203a8000 JavaThread "Abandoned connection cleanup thread" daemon [_thread_blocked, id=29960, stack(0x00000000242f0000,0x00000000243f0000)]
  0x00000000203ae000 JavaThread "Tomcat JDBC Pool Cleaner[414493378:1769084727837]" daemon [_thread_blocked, id=39908, stack(0x00000000241f0000,0x00000000242f0000)]
  0x0000000020616800 JavaThread "JMX server connection timeout 24" daemon [_thread_blocked, id=41628, stack(0x0000000021b20000,0x0000000021c20000)]
  0x00000000205e3000 JavaThread "RMI Scheduler(0)" daemon [_thread_blocked, id=40288, stack(0x0000000021920000,0x0000000021a20000)]
  0x000000001f362800 JavaThread "RMI TCP Accept-0" daemon [_thread_in_native, id=17312, stack(0x000000001fe00000,0x000000001ff00000)]
  0x000000001f31a800 JavaThread "RMI TCP Accept-58332" daemon [_thread_in_native, id=37984, stack(0x000000001fd00000,0x000000001fe00000)]
  0x000000001f308800 JavaThread "RMI TCP Accept-0" daemon [_thread_in_native, id=39668, stack(0x000000001fc00000,0x000000001fd00000)]
  0x000000001f0b9800 JavaThread "Service Thread" daemon [_thread_blocked, id=35072, stack(0x000000001fb00000,0x000000001fc00000)]
  0x000000001f024000 JavaThread "C1 CompilerThread3" daemon [_thread_blocked, id=30616, stack(0x000000001fa00000,0x000000001fb00000)]
  0x000000001effa000 JavaThread "C2 CompilerThread2" daemon [_thread_blocked, id=40848, stack(0x000000001f900000,0x000000001fa00000)]
  0x000000001eff9800 JavaThread "C2 CompilerThread1" daemon [_thread_blocked, id=31660, stack(0x000000001f800000,0x000000001f900000)]
  0x000000001f021800 JavaThread "C2 CompilerThread0" daemon [_thread_blocked, id=36000, stack(0x000000001f700000,0x000000001f800000)]
  0x000000001df12000 JavaThread "JDWP Command Reader" daemon [_thread_in_native, id=31476, stack(0x000000001ee00000,0x000000001ef00000)]
  0x000000001df11000 JavaThread "JDWP Event Helper Thread" daemon [_thread_blocked, id=40228, stack(0x000000001ed00000,0x000000001ee00000)]
  0x000000001df0f000 JavaThread "JDWP Transport Listener: dt_socket" daemon [_thread_blocked, id=40896, stack(0x000000001ec00000,0x000000001ed00000)]
  0x000000001def9800 JavaThread "Attach Listener" daemon [_thread_blocked, id=27196, stack(0x000000001e6c0000,0x000000001e7c0000)]
  0x000000001def7800 JavaThread "Signal Dispatcher" daemon [_thread_blocked, id=41204, stack(0x000000001e5c0000,0x000000001e6c0000)]
  0x000000001dee1800 JavaThread "Finalizer" daemon [_thread_blocked, id=32716, stack(0x000000001e3c0000,0x000000001e4c0000)]
  0x000000001dee0800 JavaThread "Reference Handler" daemon [_thread_blocked, id=28240, stack(0x000000001e2c0000,0x000000001e3c0000)]

Other Threads:
=>0x000000000258e800 VMThread [stack: 0x000000001ddc0000,0x000000001dec0000] [id=17560]
  0x000000001f367000 WatcherThread [stack: 0x000000001ff00000,0x0000000020000000] [id=40164]

VM state:at safepoint (normal execution)

VM Mutex/Monitor currently owned by a thread:  ([mutex/lock_event])
[0x0000000002491950] Threads_lock - owner thread: 0x000000000258e800

heap address: 0x00000006c1e00000, size: 4066 MB, Compressed Oops mode: Zero based, Oop shift amount: 3
Narrow klass base: 0x0000000000000000, Narrow klass shift: 3
Compressed class space size: 1073741824 Address: 0x00000007c0000000

Heap:
 PSYoungGen      total 559104K, used 324299K [0x000000076b500000, 0x0000000798000000, 0x00000007c0000000)
  eden space 516608K, 57% used [0x000000076b500000,0x000000077d8e5098,0x000000078ad80000)
  from space 42496K, 59% used [0x000000078ad80000,0x000000078c64dc50,0x000000078d700000)
  to   space 43008K, 0% used [0x0000000795600000,0x0000000795600000,0x0000000798000000)
 ParOldGen       total 331776K, used 113742K [0x00000006c1e00000, 0x00000006d6200000, 0x000000076b500000)
  object space 331776K, 34% used [0x00000006c1e00000,0x00000006c8d138e8,0x00000006d6200000)
 Metaspace       used 85802K, capacity 87000K, committed 87320K, reserved 1128448K
  class space    used 8965K, capacity 9216K, committed 9240K, reserved 1048576K

Card table byte_map: [0x0000000011a50000,0x0000000012250000] byte_map_base: 0x000000000e441000

Marking Bits: (ParMarkBitMap*) 0x000000006e675ce0
 Begin Bits: [0x0000000012fa0000, 0x0000000016f28000)
 End Bits:   [0x0000000016f28000, 0x000000001aeb0000)

Polling page: 0x0000000000960000

CodeCache: size=245760Kb used=22487Kb max_used=22487Kb free=223272Kb
 bounds [0x0000000002690000, 0x0000000003c90000, 0x0000000011690000]
 total_blobs=10635 nmethods=9715 adapters=839
 compilation: enabled

Compilation events (10 events):
Event: 76804.732 Thread 0x000000001f024000 9902       1       java.util.concurrent.Executors$RunnableAdapter::call (14 bytes)
Event: 76804.733 Thread 0x000000001f024000 nmethod 9902 0x0000000003c87c90 code [0x0000000003c87de0, 0x0000000003c87f28]
Event: 76804.733 Thread 0x000000001f024000 9903       1       sun.rmi.transport.DGCImpl$1::run (8 bytes)
Event: 76804.734 Thread 0x000000001f024000 nmethod 9903 0x0000000003c87f90 code [0x0000000003c880e0, 0x0000000003c88228]
Event: 82783.863 Thread 0x000000001f024000 9904       1       org.eclipse.jdt.launching.internal.org.objectweb.asm.Type::hashCode (68 bytes)
Event: 82783.895 Thread 0x000000001f024000 nmethod 9904 0x0000000003c882d0 code [0x0000000003c88440, 0x0000000003c886c8]
Event: 84561.323 Thread 0x000000001f024000 9905       1       org.eclipse.jdt.launching.internal.org.objectweb.asm.Handle::<init> (32 bytes)
Event: 84561.323 Thread 0x000000001f024000 nmethod 9905 0x0000000003c88910 code [0x0000000003c88a60, 0x0000000003c88bd0]
Event: 84561.324 Thread 0x000000001f024000 9906       1       org.eclipse.jdt.launching.internal.org.objectweb.asm.Handle::hashCode (43 bytes)
Event: 84561.324 Thread 0x000000001f024000 nmethod 9906 0x0000000003c88c50 code [0x0000000003c88dc0, 0x0000000003c88fa8]

GC Heap History (10 events):
Event: 15.984 GC heap before
{Heap before GC invocations=14 (full 2):
 PSYoungGen      total 361984K, used 361953K [0x000000076b500000, 0x0000000789d80000, 0x00000007c0000000)
  eden space 333824K, 100% used [0x000000076b500000,0x000000077fb00000,0x000000077fb00000)
  from space 28160K, 99% used [0x000000077fb00000,0x00000007816785b0,0x0000000781680000)
  to   space 37376K, 0% used [0x0000000787900000,0x0000000787900000,0x0000000789d80000)
 ParOldGen       total 175616K, used 50419K [0x00000006c1e00000, 0x00000006cc980000, 0x000000076b500000)
  object space 175616K, 28% used [0x00000006c1e00000,0x00000006c4f3cc10,0x00000006cc980000)
 Metaspace       used 54556K, capacity 55384K, committed 55592K, reserved 1097728K
  class space    used 6936K, capacity 7155K, committed 7208K, reserved 1048576K
Event: 16.006 GC heap after
Heap after GC invocations=14 (full 2):
 PSYoungGen      total 445440K, used 15360K [0x000000076b500000, 0x0000000789300000, 0x00000007c0000000)
  eden space 418816K, 0% used [0x000000076b500000,0x000000076b500000,0x0000000784e00000)
  from space 26624K, 57% used [0x0000000787900000,0x0000000788800000,0x0000000789300000)
  to   space 35328K, 0% used [0x0000000784e00000,0x0000000784e00000,0x0000000787080000)
 ParOldGen       total 175616K, used 78662K [0x00000006c1e00000, 0x00000006cc980000, 0x000000076b500000)
  object space 175616K, 44% used [0x00000006c1e00000,0x00000006c6ad1830,0x00000006cc980000)
 Metaspace       used 54556K, capacity 55384K, committed 55592K, reserved 1097728K
  class space    used 6936K, capacity 7155K, committed 7208K, reserved 1048576K
}
Event: 19.890 GC heap before
{Heap before GC invocations=15 (full 2):
 PSYoungGen      total 445440K, used 434176K [0x000000076b500000, 0x0000000789300000, 0x00000007c0000000)
  eden space 418816K, 100% used [0x000000076b500000,0x0000000784e00000,0x0000000784e00000)
  from space 26624K, 57% used [0x0000000787900000,0x0000000788800000,0x0000000789300000)
  to   space 35328K, 0% used [0x0000000784e00000,0x0000000784e00000,0x0000000787080000)
 ParOldGen       total 175616K, used 78662K [0x00000006c1e00000, 0x00000006cc980000, 0x000000076b500000)
  object space 175616K, 44% used [0x00000006c1e00000,0x00000006c6ad1830,0x00000006cc980000)
 Metaspace       used 57050K, capacity 57950K, committed 58024K, reserved 1099776K
  class space    used 7083K, capacity 7290K, committed 7336K, reserved 1048576K
Event: 19.912 GC heap after
Heap after GC invocations=15 (full 2):
 PSYoungGen      total 454144K, used 35296K [0x000000076b500000, 0x0000000790080000, 0x00000007c0000000)
  eden space 418816K, 0% used [0x000000076b500000,0x000000076b500000,0x0000000784e00000)
  from space 35328K, 99% used [0x0000000784e00000,0x0000000787078010,0x0000000787080000)
  to   space 42496K, 0% used [0x000000078d700000,0x000000078d700000,0x0000000790080000)
 ParOldGen       total 175616K, used 83792K [0x00000006c1e00000, 0x00000006cc980000, 0x000000076b500000)
  object space 175616K, 47% used [0x00000006c1e00000,0x00000006c6fd4120,0x00000006cc980000)
 Metaspace       used 57050K, capacity 57950K, committed 58024K, reserved 1099776K
  class space    used 7083K, capacity 7290K, committed 7336K, reserved 1048576K
}
Event: 20.404 GC heap before
{Heap before GC invocations=16 (full 2):
 PSYoungGen      total 454144K, used 95513K [0x000000076b500000, 0x0000000790080000, 0x00000007c0000000)
  eden space 418816K, 14% used [0x000000076b500000,0x000000076efce618,0x0000000784e00000)
  from space 35328K, 99% used [0x0000000784e00000,0x0000000787078010,0x0000000787080000)
  to   space 42496K, 0% used [0x000000078d700000,0x000000078d700000,0x0000000790080000)
 ParOldGen       total 175616K, used 83792K [0x00000006c1e00000, 0x00000006cc980000, 0x000000076b500000)
  object space 175616K, 47% used [0x00000006c1e00000,0x00000006c6fd4120,0x00000006cc980000)
 Metaspace       used 58114K, capacity 58986K, committed 59160K, reserved 1101824K
  class space    used 7140K, capacity 7356K, committed 7448K, reserved 1048576K
Event: 20.425 GC heap after
Heap after GC invocations=16 (full 2):
 PSYoungGen      total 559104K, used 6099K [0x000000076b500000, 0x0000000792300000, 0x00000007c0000000)
  eden space 516608K, 0% used [0x000000076b500000,0x000000076b500000,0x000000078ad80000)
  from space 42496K, 14% used [0x000000078d700000,0x000000078dcf4e10,0x0000000790080000)
  to   space 42496K, 0% used [0x000000078ad80000,0x000000078ad80000,0x000000078d700000)
 ParOldGen       total 175616K, used 119234K [0x00000006c1e00000, 0x00000006cc980000, 0x000000076b500000)
  object space 175616K, 67% used [0x00000006c1e00000,0x00000006c9270bf8,0x00000006cc980000)
 Metaspace       used 58114K, capacity 58986K, committed 59160K, reserved 1101824K
  class space    used 7140K, capacity 7356K, committed 7448K, reserved 1048576K
}
Event: 20.425 GC heap before
{Heap before GC invocations=17 (full 3):
 PSYoungGen      total 559104K, used 6099K [0x000000076b500000, 0x0000000792300000, 0x00000007c0000000)
  eden space 516608K, 0% used [0x000000076b500000,0x000000076b500000,0x000000078ad80000)
  from space 42496K, 14% used [0x000000078d700000,0x000000078dcf4e10,0x0000000790080000)
  to   space 42496K, 0% used [0x000000078ad80000,0x000000078ad80000,0x000000078d700000)
 ParOldGen       total 175616K, used 119234K [0x00000006c1e00000, 0x00000006cc980000, 0x000000076b500000)
  object space 175616K, 67% used [0x00000006c1e00000,0x00000006c9270bf8,0x00000006cc980000)
 Metaspace       used 58114K, capacity 58986K, committed 59160K, reserved 1101824K
  class space    used 7140K, capacity 7356K, committed 7448K, reserved 1048576K
Event: 20.767 GC heap after
Heap after GC invocations=17 (full 3):
 PSYoungGen      total 559104K, used 0K [0x000000076b500000, 0x0000000792300000, 0x00000007c0000000)
  eden space 516608K, 0% used [0x000000076b500000,0x000000076b500000,0x000000078ad80000)
  from space 42496K, 0% used [0x000000078d700000,0x000000078d700000,0x0000000790080000)
  to   space 42496K, 0% used [0x000000078ad80000,0x000000078ad80000,0x000000078d700000)
 ParOldGen       total 331776K, used 113734K [0x00000006c1e00000, 0x00000006d6200000, 0x000000076b500000)
  object space 331776K, 34% used [0x00000006c1e00000,0x00000006c8d118e8,0x00000006d6200000)
 Metaspace       used 58091K, capacity 58950K, committed 59160K, reserved 1101824K
  class space    used 7137K, capacity 7350K, committed 7448K, reserved 1048576K
}
Event: 61984.726 GC heap before
{Heap before GC invocations=18 (full 3):
 PSYoungGen      total 559104K, used 516608K [0x000000076b500000, 0x0000000792300000, 0x00000007c0000000)
  eden space 516608K, 100% used [0x000000076b500000,0x000000078ad80000,0x000000078ad80000)
  from space 42496K, 0% used [0x000000078d700000,0x000000078d700000,0x0000000790080000)
  to   space 42496K, 0% used [0x000000078ad80000,0x000000078ad80000,0x000000078d700000)
 ParOldGen       total 331776K, used 113734K [0x00000006c1e00000, 0x00000006d6200000, 0x000000076b500000)
  object space 331776K, 34% used [0x00000006c1e00000,0x00000006c8d118e8,0x00000006d6200000)
 Metaspace       used 68082K, capacity 69058K, committed 69272K, reserved 1110016K
  class space    used 8413K, capacity 8593K, committed 8600K, reserved 1048576K
Event: 61992.352 GC heap after
Heap after GC invocations=18 (full 3):
 PSYoungGen      total 559104K, used 25399K [0x000000076b500000, 0x0000000798000000, 0x00000007c0000000)
  eden space 516608K, 0% used [0x000000076b500000,0x000000076b500000,0x000000078ad80000)
  from space 42496K, 59% used [0x000000078ad80000,0x000000078c64dc50,0x000000078d700000)
  to   space 43008K, 0% used [0x0000000795600000,0x0000000795600000,0x0000000798000000)
 ParOldGen       total 331776K, used 113742K [0x00000006c1e00000, 0x00000006d6200000, 0x000000076b500000)
  object space 331776K, 34% used [0x00000006c1e00000,0x00000006c8d138e8,0x00000006d6200000)
 Metaspace       used 68082K, capacity 69058K, committed 69272K, reserved 1110016K
  class space    used 8413K, capacity 8593K, committed 8600K, reserved 1048576K
}

Deoptimization events (0 events):
No events

Classes redefined (10 events):
Event: 82574.914 Thread 0x000000000258e800 redefined class name=com.res.service.impl.CommonServiceImpl, count=3
Event: 82704.494 Thread 0x000000000258e800 redefined class name=com.res.service.impl.CommonServiceImpl, count=4
Event: 82786.134 Thread 0x000000000258e800 redefined class name=com.res.service.impl.CommonServiceImpl, count=5
Event: 83270.214 Thread 0x000000000258e800 redefined class name=com.res.service.impl.CommonServiceImpl, count=6
Event: 83458.636 Thread 0x000000000258e800 redefined class name=com.res.service.impl.CommonServiceImpl, count=7
Event: 83495.698 Thread 0x000000000258e800 redefined class name=com.res.service.impl.CommonServiceImpl, count=8
Event: 83535.469 Thread 0x000000000258e800 redefined class name=com.res.service.impl.CommonServiceImpl, count=9
Event: 84253.526 Thread 0x000000000258e800 redefined class name=com.res.service.impl.CommonServiceImpl, count=10
Event: 84349.725 Thread 0x000000000258e800 redefined class name=com.res.service.impl.CommonServiceImpl, count=11
Event: 84563.612 Thread 0x000000000258e800 redefined class name=com.res.service.impl.CommonServiceImpl, count=12

Internal exceptions (10 events):
Event: 62005.014 Thread 0x0000000025b17000 Exception <a 'java/net/SocketException': Socket closed> (0x000000076e005970) thrown at [C:\re\workspace\8-2-build-windows-amd64-cygwin\jdk8u221\13320\hotspot\src\share\vm\prims\jni.cpp, line 736]
Event: 62005.014 Thread 0x0000000025b17800 Exception <a 'java/net/SocketException': Software caused connection abort: socket write error> (0x000000076e284838) thrown at [C:\re\workspace\8-2-build-windows-amd64-cygwin\jdk8u221\13320\hotspot\src\share\vm\prims\jni.cpp, line 736]
Event: 62005.433 Thread 0x0000000025b17800 Exception <a 'java/net/SocketException': Socket closed> (0x000000076e288798) thrown at [C:\re\workspace\8-2-build-windows-amd64-cygwin\jdk8u221\13320\hotspot\src\share\vm\prims\jni.cpp, line 736]
Event: 62007.143 Thread 0x0000000025b16000 Exception <a 'java/lang/ArrayIndexOutOfBoundsException'> (0x000000076ea2b320) thrown at [C:\re\workspace\8-2-build-windows-amd64-cygwin\jdk8u221\13320\hotspot\src\share\vm\runtime\sharedRuntime.cpp, line 605]
Event: 62007.143 Thread 0x0000000025b17800 Exception <a 'java/lang/ArrayIndexOutOfBoundsException'> (0x000000076e3cc770) thrown at [C:\re\workspace\8-2-build-windows-amd64-cygwin\jdk8u221\13320\hotspot\src\share\vm\runtime\sharedRuntime.cpp, line 605]
Event: 62007.143 Thread 0x0000000025b17000 Exception <a 'java/lang/ArrayIndexOutOfBoundsException'> (0x000000076e16efe8) thrown at [C:\re\workspace\8-2-build-windows-amd64-cygwin\jdk8u221\13320\hotspot\src\share\vm\runtime\sharedRuntime.cpp, line 605]
Event: 62060.508 Thread 0x0000000025b1a800 Exception <a 'java/lang/ArrayIndexOutOfBoundsException'> (0x0000000771251620) thrown at [C:\re\workspace\8-2-build-windows-amd64-cygwin\jdk8u221\13320\hotspot\src\share\vm\runtime\sharedRuntime.cpp, line 605]
Event: 62279.573 Thread 0x0000000025b16000 Exception <a 'java/lang/ArrayIndexOutOfBoundsException': 183> (0x0000000775465490) thrown at [C:\re\workspace\8-2-build-windows-amd64-cygwin\jdk8u221\13320\hotspot\src\share\vm\interpreter\interpreterRuntime.cpp, line 368]
Event: 63202.996 Thread 0x0000000025b16000 Exception <a 'java/io/FileNotFoundException'> (0x0000000777489570) thrown at [C:\re\workspace\8-2-build-windows-amd64-cygwin\jdk8u221\13320\hotspot\src\share\vm\prims\jni.cpp, line 710]
Event: 63202.996 Thread 0x0000000025b16000 Exception <a 'java/io/FileNotFoundException'> (0x000000077748a570) thrown at [C:\re\workspace\8-2-build-windows-amd64-cygwin\jdk8u221\13320\hotspot\src\share\vm\prims\jni.cpp, line 710]

Events (10 events):
Event: 84565.314 Executing VM operation: ChangeBreakpoints done
Event: 84565.330 Executing VM operation: ChangeBreakpoints
Event: 84565.334 Executing VM operation: ChangeBreakpoints done
Event: 84565.696 Executing VM operation: ChangeBreakpoints
Event: 84565.703 Executing VM operation: ChangeBreakpoints done
Event: 84565.859 Executing VM operation: GetOwnedMonitorInfo
Event: 84565.859 Executing VM operation: GetOwnedMonitorInfo done
Event: 84565.859 Executing VM operation: GetCurrentContendedMonitor
Event: 84565.859 Executing VM operation: GetCurrentContendedMonitor done
Event: 84566.036 Executing VM operation: GetOrSetLocal


Dynamic libraries:
0x00007ff79d560000 - 0x00007ff79d597000 	C:\Program Files\Java\jdk1.8.0_221\bin\javaw.exe
0x00007ff8b3e10000 - 0x00007ff8b4008000 	C:\WINDOWS\SYSTEM32\ntdll.dll
0x00007ff8b3d00000 - 0x00007ff8b3dc2000 	C:\WINDOWS\System32\KERNEL32.DLL
0x00007ff8b1600000 - 0x00007ff8b18f6000 	C:\WINDOWS\System32\KERNELBASE.dll
0x00007ff8b1e30000 - 0x00007ff8b1ee1000 	C:\WINDOWS\System32\ADVAPI32.dll
0x00007ff8b2510000 - 0x00007ff8b25ae000 	C:\WINDOWS\System32\msvcrt.dll
0x00007ff8b1f50000 - 0x00007ff8b1fef000 	C:\WINDOWS\System32\sechost.dll
0x00007ff8b3a30000 - 0x00007ff8b3b50000 	C:\WINDOWS\System32\RPCRT4.dll
0x00007ff8b1e00000 - 0x00007ff8b1e27000 	C:\WINDOWS\System32\bcrypt.dll
0x00007ff8b3b50000 - 0x00007ff8b3cf1000 	C:\WINDOWS\System32\USER32.dll
0x00007ff8b1b20000 - 0x00007ff8b1b42000 	C:\WINDOWS\System32\win32u.dll
0x00007ff8b2a20000 - 0x00007ff8b2a4b000 	C:\WINDOWS\System32\GDI32.dll
0x00007ff8b1ce0000 - 0x00007ff8b1df9000 	C:\WINDOWS\System32\gdi32full.dll
0x00007ff8b1900000 - 0x00007ff8b199d000 	C:\WINDOWS\System32\msvcp_win.dll
0x00007ff8b19a0000 - 0x00007ff8b1aa0000 	C:\WINDOWS\System32\ucrtbase.dll
0x00007ff8a8900000 - 0x00007ff8a8b9b000 	C:\WINDOWS\WinSxS\amd64_microsoft.windows.common-controls_6595b64144ccf1df_6.0.19041.6456_none_60b8a6cb71f64256\COMCTL32.dll
0x00007ff8b2c70000 - 0x00007ff8b2c9f000 	C:\WINDOWS\System32\IMM32.DLL
0x000000006e700000 - 0x000000006e7d2000 	C:\Program Files\Java\jdk1.8.0_221\jre\bin\msvcr100.dll
0x000000006de50000 - 0x000000006e6f5000 	C:\Program Files\Java\jdk1.8.0_221\jre\bin\server\jvm.dll
0x00007ff8b2ab0000 - 0x00007ff8b2ab8000 	C:\WINDOWS\System32\PSAPI.DLL
0x00007ff89ed30000 - 0x00007ff89ed39000 	C:\WINDOWS\SYSTEM32\WSOCK32.dll
0x00007ff898810000 - 0x00007ff898837000 	C:\WINDOWS\SYSTEM32\WINMM.dll
0x00007ff8b23c0000 - 0x00007ff8b242b000 	C:\WINDOWS\System32\WS2_32.dll
0x00007ff8b00b0000 - 0x00007ff8b00ba000 	C:\WINDOWS\SYSTEM32\VERSION.dll
0x00007ff8adca0000 - 0x00007ff8adcaf000 	C:\Program Files\Java\jdk1.8.0_221\jre\bin\verify.dll
0x00007ff8aa070000 - 0x00007ff8aa099000 	C:\Program Files\Java\jdk1.8.0_221\jre\bin\java.dll
0x00007ff89f350000 - 0x00007ff89f385000 	C:\Program Files\Java\jdk1.8.0_221\jre\bin\jdwp.dll
0x00007ff8ad2d0000 - 0x00007ff8ad2d8000 	C:\Program Files\Java\jdk1.8.0_221\jre\bin\npt.dll
0x00007ff8a1c30000 - 0x00007ff8a1c53000 	C:\Program Files\Java\jdk1.8.0_221\jre\bin\instrument.dll
0x00007ff8aa050000 - 0x00007ff8aa066000 	C:\Program Files\Java\jdk1.8.0_221\jre\bin\zip.dll
0x00007ff8b2d80000 - 0x00007ff8b34f0000 	C:\WINDOWS\System32\SHELL32.dll
0x00007ff8af3a0000 - 0x00007ff8afb45000 	C:\WINDOWS\SYSTEM32\windows.storage.dll
0x00007ff8b3610000 - 0x00007ff8b3964000 	C:\WINDOWS\System32\combase.dll
0x00007ff8b0d10000 - 0x00007ff8b0d3b000 	C:\WINDOWS\SYSTEM32\Wldp.dll
0x00007ff8b2430000 - 0x00007ff8b24fd000 	C:\WINDOWS\System32\OLEAUT32.dll
0x00007ff8b3970000 - 0x00007ff8b3a1d000 	C:\WINDOWS\System32\SHCORE.dll
0x00007ff8b2220000 - 0x00007ff8b227b000 	C:\WINDOWS\System32\shlwapi.dll
0x00007ff8b13d0000 - 0x00007ff8b13f4000 	C:\WINDOWS\SYSTEM32\profapi.dll
0x00007ff8a9ff0000 - 0x00007ff8a9ff9000 	C:\Program Files\Java\jdk1.8.0_221\jre\bin\dt_socket.dll
0x00007ff89ece0000 - 0x00007ff89ecf7000 	C:\WINDOWS\system32\napinsp.dll
0x00007ff89ecc0000 - 0x00007ff89ecdb000 	C:\WINDOWS\system32\pnrpnsp.dll
0x00007ff89eca0000 - 0x00007ff89ecbd000 	C:\WINDOWS\system32\wshbth.dll
0x00007ff8ad740000 - 0x00007ff8ad75d000 	C:\WINDOWS\system32\NLAapi.dll
0x00007ff8b07f0000 - 0x00007ff8b082b000 	C:\WINDOWS\SYSTEM32\IPHLPAPI.DLL
0x00007ff8b0af0000 - 0x00007ff8b0b5a000 	C:\WINDOWS\System32\mswsock.dll
0x00007ff8b0830000 - 0x00007ff8b08fa000 	C:\WINDOWS\SYSTEM32\DNSAPI.dll
0x00007ff8b3a20000 - 0x00007ff8b3a28000 	C:\WINDOWS\System32\NSI.dll
0x00007ff89ec80000 - 0x00007ff89ec92000 	C:\WINDOWS\System32\winrnr.dll
0x00007ff8aa200000 - 0x00007ff8aa280000 	C:\WINDOWS\System32\fwpuclnt.dll
0x00007ff8a7f60000 - 0x00007ff8a7f6a000 	C:\Windows\System32\rasadhlp.dll
0x00007ff8a8bb0000 - 0x00007ff8a8bbd000 	C:\Program Files\Java\jdk1.8.0_221\jre\bin\management.dll
0x00007ff8973f0000 - 0x00007ff89740a000 	C:\Program Files\Java\jdk1.8.0_221\jre\bin\net.dll
0x00007ff8a7ca0000 - 0x00007ff8a7e92000 	C:\WINDOWS\SYSTEM32\urlmon.dll
0x00007ff8a1da0000 - 0x00007ff8a205f000 	C:\WINDOWS\SYSTEM32\iertutil.dll
0x00007ff8a71f0000 - 0x00007ff8a7218000 	C:\WINDOWS\SYSTEM32\srvcli.dll
0x00007ff8b0900000 - 0x00007ff8b090c000 	C:\WINDOWS\SYSTEM32\netutils.dll
0x00007ff8973d0000 - 0x00007ff8973e2000 	C:\Program Files\Java\jdk1.8.0_221\jre\bin\nio.dll
0x00007ff8b0d50000 - 0x00007ff8b0d68000 	C:\WINDOWS\SYSTEM32\CRYPTSP.dll
0x00007ff8b0430000 - 0x00007ff8b0468000 	C:\WINDOWS\system32\rsaenh.dll
0x00007ff8b1350000 - 0x00007ff8b137e000 	C:\WINDOWS\SYSTEM32\USERENV.dll
0x00007ff8b1b50000 - 0x00007ff8b1bd2000 	C:\WINDOWS\System32\bcryptprimitives.dll
0x00007ff8b0c80000 - 0x00007ff8b0c8c000 	C:\WINDOWS\SYSTEM32\CRYPTBASE.dll
0x00007ff8a8c30000 - 0x00007ff8a8c47000 	C:\WINDOWS\SYSTEM32\dhcpcsvc6.DLL
0x00007ff8aadd0000 - 0x00007ff8aaded000 	C:\WINDOWS\SYSTEM32\dhcpcsvc.DLL
0x00007ff857340000 - 0x00007ff8574d9000 	C:\Program Files\Java\jdk1.8.0_221\jre\bin\awt.dll
0x00007ff8ac9e0000 - 0x00007ff8aca74000 	C:\WINDOWS\SYSTEM32\apphelp.dll
0x00007ff8aeea0000 - 0x00007ff8aeece000 	C:\WINDOWS\system32\DWMAPI.DLL
0x00007ff8ae190000 - 0x00007ff8ae22e000 	C:\WINDOWS\system32\uxtheme.dll
0x00007ff886780000 - 0x00007ff8867c9000 	C:\Program Files\Java\jdk1.8.0_221\jre\bin\fontmanager.dll
0x00007ff87a450000 - 0x00007ff87a492000 	C:\Program Files\Java\jdk1.8.0_221\jre\bin\t2k.dll
0x00007ff874c00000 - 0x00007ff874c31000 	C:\Program Files\Java\jdk1.8.0_221\jre\bin\jpeg.dll

VM Arguments:
jvm_args: -agentlib:jdwp=transport=dt_socket,suspend=y,address=localhost:58333 -Dcom.sun.management.jmxremote -Dcom.sun.management.jmxremote.port=58332 -Dcom.sun.management.jmxremote.authenticate=false -Dcom.sun.management.jmxremote.ssl=false -Djava.rmi.server.hostname=localhost -Dspring.jmx.enabled=true -Dspring.application.admin.enabled=true -XX:TieredStopAtLevel=1 -Dspring.boot.project.name=res_owms -javaagent:C:\Users\mapit02\Downloads\spring-tool-suite-4-4.3.1.RELEASE-e4.12.0-win32.win32.x86_64\sts-4.3.1.RELEASE\configuration\org.eclipse.osgi\886\0\.cp\lib\javaagent-shaded.jar -Dfile.encoding=UTF-8 
java_command: com.res.ResOwmsApplication --spring.output.ansi.enabled=always
java_class_path (initial): F:\harsh\res\target\classes;C:\Users\mapit02\.m2\repository\org\springframework\boot\spring-boot-starter-data-jpa\1.5.10.RELEASE\spring-boot-starter-data-jpa-1.5.10.RELEASE.jar;C:\Users\mapit02\.m2\repository\org\springframework\boot\spring-boot-starter\1.5.10.RELEASE\spring-boot-starter-1.5.10.RELEASE.jar;C:\Users\mapit02\.m2\repository\org\springframework\boot\spring-boot-starter-logging\1.5.10.RELEASE\spring-boot-starter-logging-1.5.10.RELEASE.jar;C:\Users\mapit02\.m2\repository\ch\qos\logback\logback-classic\1.1.11\logback-classic-1.1.11.jar;C:\Users\mapit02\.m2\repository\ch\qos\logback\logback-core\1.1.11\logback-core-1.1.11.jar;C:\Users\mapit02\.m2\repository\org\slf4j\jul-to-slf4j\1.7.25\jul-to-slf4j-1.7.25.jar;C:\Users\mapit02\.m2\repository\org\slf4j\log4j-over-slf4j\1.7.25\log4j-over-slf4j-1.7.25.jar;C:\Users\mapit02\.m2\repository\org\springframework\spring-core\4.3.14.RELEASE\spring-core-4.3.14.RELEASE.jar;C:\Users\mapit02\.m2\repository\org\yaml\snakeyaml\1.17\snakeyaml-1.17.jar;C:\Users\mapit02\.m2\repository\org\springframework\boot\spring-boot-starter-aop\1.5.10.RELEASE\spring-boot-starter-aop-1.5.10.RELEASE.jar;C:\Users\mapit02\.m2\repository\org\aspectj\aspectjweaver\1.8.13\aspectjweaver-1.8.13.jar;C:\Users\mapit02\.m2\repository\org\springframework\boot\spring-boot-starter-jdbc\1.5.10.RELEASE\spring-boot-starter-jdbc-1.5.10.RELEASE.jar;C:\Users\mapit02\.m2\repository\org\apache\tomcat\tomcat-jdbc\8.5.27\tomcat-jdbc-8.5.27.jar;C:\Users\mapit02\.m2\repository\org\apache\tomcat\tomcat-juli\8.5.27\tomcat-juli-8.5.27.jar;C:\Users\mapit02\.m2\repository\org\springframework\spring-jdbc\4.3.14.RELEASE\spring-jdbc-4.3.14.RELEASE.jar;C:\Users\mapit02\.m2\repository\org\hibernate\hibernate-core\5.0.12.Final\hibernate-core-5.0.12.Final.jar;C:\Users\mapit02\.m2\repository\org\hibernate\javax\persistence\hibernate-jpa-2.1-api\1.0.0.Final\hibernate-jpa-2.1-api-1.0.0.Final.jar;C:\Users\mapit02\.m2\repository\org\javassist\javassist\3
Launcher Type: SUN_STANDARD

Environment Variables:
JAVA_HOME=C:\Program Files\Java\jdk-17
USERNAME=mapit02
OS=Windows_NT
PROCESSOR_IDENTIFIER=Intel64 Family 6 Model 158 Stepping 9, GenuineIntel



---------------  S Y S T E M  ---------------

OS: Windows 10.0 , 64 bit Build 19041 (10.0.19041.5915)

CPU:total 8 (initial active 8) (4 cores per cpu, 2 threads per core) family 6 model 158 stepping 9, cmov, cx8, fxsr, mmx, sse, sse2, sse3, ssse3, sse4.1, sse4.2, popcnt, avx, avx2, aes, clmul, erms, rtm, 3dnowpref, lzcnt, ht, tsc, tscinvbit, bmi1, bmi2, adx

Memory: 4k page, physical 16653528k(2488816k free), swap 50207960k(17998192k free)

vm_info: Java HotSpot(TM) 64-Bit Server VM (25.221-b11) for windows-amd64 JRE (1.8.0_221-b11), built on Jul  4 2019 04:39:29 by "java_re" with MS VC++ 10.0 (VS2010)

time: Fri Jan 23 17:24:47 2026
timezone: India Standard Time
elapsed time: 84566 seconds (0d 23h 29m 26s)

